// Jest Snapshot v1, https://goo.gl/fbAQLP

exports[`NavMenu.vue matches snapshot 1`] = `
"<main class="container mx-auto">
  <el-menu default-active="1" class="el-menu-demo flex justify-between items-center uppercase h-[80px]" mode="horizontal">
    <router-link to="/">
      <el-menu-item index="1" class="logo-nav-item">
        <div class="flex flex-col items-center cursor-pointer ml-4 mb-2">
          <div class="text-3xl font-bold text-indigo-300"><img src="/logo.png" alt="logo" class="w-[80px]"></div>
          <div class="text-[10px] text-gray-500 -mt-3 leading-4"> practice inc. </div>
        </div>
      </el-menu-item>
    </router-link>
    <div class="flex">
      <router-link to="/">
        <el-menu-item index="0">Home</el-menu-item>
      </router-link>
      <router-link to="todo">
        <el-menu-item index="1">Todo</el-menu-item>
      </router-link>
      <router-link to="quotes">
        <el-menu-item index="2">Quote</el-menu-item>
      </router-link>
      <router-link to="quiz">
        <el-menu-item index="3">Quiz</el-menu-item>
      </router-link>
      <router-link to="band-names">
        <el-menu-item index="4">Random Names</el-menu-item>
      </router-link>
      <router-link to="counter">
        <el-menu-item index="5">Counter</el-menu-item>
      </router-link>
    </div>
  </el-menu>
</main>"
`;
